
> thorbis@0.1.0 build /Users/byronwade/Stratos
> NODE_OPTIONS='--max-old-space-size=4096' next build

 ⨯ Unable to acquire lock at /Users/byronwade/Stratos/.next/lock, is another instance of next build running?
   Suggestion: If you intended to restart next build, terminate the other process, and then try again.
 ELIFECYCLE  Command failed with exit code 1.
